[33mÔØ»[39m Building...
[32mÔ£ö[39m Building...
Application bundle generation failed. [6.117 seconds]

node.exe : 
[1m[33m[33mÔû▓ [43;33m[
[43;30mWARNING[43;33m][0m 
[1mTS-998113: 
RouterLinkActive is not 
used within the template of 
TopbarComponent[0m 
[1m[35m[plugin 
angular-compiler][0m
At C:\Program 
Files\nodejs\npx.ps1:29 
char:3
+   & $NODE_EXE $NPX_CLI_JS 
$args
+   ~~~~~~~~~~~~~~~~~~~~~~~~
~~~~~
    + CategoryInfo          
    : NotSpecified: ([1m  
  [33m[33mÔ...r-compiler   
 ][0m:String) [], Remot    
eException
    + FullyQualifiedErrorId 
    : NativeCommandError
 

    src/app/pages/common/top
-bar/top-bar.component.ts:8:
24:
[37m      8 Ôöé   imports: 
[RouterLink, 
[32mRouterLinkActive[37m],
        ÔòÁ                 
        
[32m~~~~~~~~~~~~~~~~[0m

[39m[22m
[1m[31m[31mX [41;31m[[4
1;97mERROR[41;31m][0m 
[1mNG9: Property 
'scrolled' does not exist 
on type 
'TopbarComponent'.[0m 
[1m[35m[plugin 
angular-compiler][0m

    src/app/pages/common/top
-bar/top-bar.component.html:
3:27:
[37m      3 Ôöé   [class.na
vbar-scrolled]="[32mscrolle
d[37m"
        ÔòÁ                 
           [32m~~~~~~~~[0m

  Error occurs in the 
template of component 
TopbarComponent.

    src/app/pages/common/top
-bar/top-bar.component.ts:9:
15:
[37m      9 Ôöé   
templateUrl: [32m'./top-bar
.component.html'[37m,
        ÔòÁ                
[32m~~~~~~~~~~~~~~~~~~~~~~~~
~~[0m

[39m[22m
